Your locale 'c/utf-8/c/c/c/c' is not UTF8 compliant, you will likely run into issues.
========================================================================
Full Command Line: ../build/bin/driver config.cfg 
Boot Time: Sat Jun 13 14:27:25 2026
Version: fluffos 20240714-4a59909c-ee813760 (Mac OS X)
jemalloc Version: 5.3.0-0-g54eaed1d8b56b1aa528be3bdd1877e59c56fa90c
ICU Version: 78.2
libdw or libbfd is not found, you will only get very limited crash stacktrace.
Core Dump: No, Max FD: 65535.
========================================================================
Final Debug Level: 0
Processing config file: config.cfg
*Warning: obsolete line in config file, please delete:
	binary directory 
New Debug log location: "log/debug.log".
Execution root: .
Initializing internal stuff ....
Event backend in use: kqueue
WARNING: Platform doesn't support eval limit!
==== Runtime Config Table ====
time to clean up : 600
time to reset : 900
time to swap : 300
evaluator stack size : 65536
inherit chain size : 30
maximum evaluation cost : 30000000
maximum local variables : 64
maximum call depth : 150
maximum array size : 15000
maximum buffer size : 1048576
maximum mapping size : 150000
maximum string length : 1048576
maximum bits in a bitfield : 12000
maximum byte transfer : 262144
maximum read file size : 262144
hash table size : 65536
object table size : 4096
living hash table size : 256
gametick msec : 1000
heartbeat interval msec : 1000
sane explode string : 1
reversible explode string : 0
sane sorting : 1
warn tab : 0
wombles : 0
call other type check : 0
call other warn : 0
mudlib error handler : 1
no resets : 0
lazy resets : 0
randomized resets : 1
no ansi : 1
strip before process input : 1
this_player in call_out : 1
trace : 1
trace code : 0
interactive catch tell : 0
receive snoop : 1
snoop shadowed : 0
reverse defer : 0
has console : 1
noninteractive stderr write : 0
trap crashes : 1
old type behavior : 0
old range behavior : 0
warn old range behavior : 1
suppress argument warnings : 1
enable_commands call init : 1
sprintf add_justified ignore ANSI colors : 1
call_out(0) nest level : 1000
trace lpc execution context : 0
trace lpc instructions : 0
enable mxp : 0
enable gmcp : 0
enable zmp : 0
enable mssp : 1
enable msp : 1
enable msdp : 0
==============================
==== LPC Predefines ====
#define FLUFFOS 
#define HAS_DEBUG_LEVEL 
#define HAS_ED 
#define HAS_PRINTF 
#define MAX_FLOAT 179769313486231570814527423731704356798070567525844996598917476803157260780028538760589558632766878171540458953514382464234321326889464182768467546703537516986049910576551282076245490090389328944075868508455133942304583236903222948165808559332123348274797826204144723168738177180919299881250404026184124858368.000000
#define MAX_INT 9223372036854775807
#define MIN_FLOAT 0.000000
#define MIN_INT -9223372036854775808
#define MUDOS 
#define MUD_NAME "ES2-UTF8"
#define SIZEOFINT 8
#define __ARCH__ "Mac OS X"
#define __ARGUMENTS_IN_TRACEBACK__ 
#define __ARRAY_STATS__ 
#define __AUTO_SETEUID__ 
#define __CACHE_STATS__ 
#define __CALLOUT_HANDLES__ 
#define __CFG_COMPILER_STACK_SIZE__ 600
#define __CFG_EVALUATOR_STACK_SIZE__ 65536
#define __CFG_MAX_CALL_DEPTH__ 150
#define __CFG_MAX_GLOBAL_VARIABLES__ 65536
#define __CLASS_STATS__ 
#define __COMMAND_BUF_SIZE__ 2000
#define __COMPILER__ "/usr/bin/c++"
#define __CXXFLAGS__ "Broken"
#define __DEBUG_MACRO__ 
#define __DEFAULT_PRAGMAS__ PRAGMA_WARNINGS + PRAGMA_SAVE_TYPES + PRAGMA_ERROR_CONTEXT + PRAGMA_OPTIMIZE
#define __DSLIB__ 
#define __ED_INDENT_SPACES__ 4
#define __ED_TAB_WIDTH__ 8
#define __GET_CHAR_IS_BUFFERED__ 
#define __HAS_CONSOLE__ 
#define __HAVE_DIRENT_H__ 1
#define __HAVE_JEMALLOC__ 1
#define __HAVE_SIGNAL_H__ 1
#define __HAVE_SYS_RESOURCE_H__ 1
#define __HAVE_SYS_STAT_H__ 1
#define __HAVE_SYS_TIME_H__ 1
#define __HAVE_TIME_H__ 1
#define __LARGEST_PRINTABLE_STRING__ 65535
#define __LARGE_STRING_SIZE__ 1000
#define __LOCALS_IN_TRACEBACK__ 
#define __MAX_SAVE_SVALUE_DEPTH__ 100
#define __MUDLIB_ERROR_HANDLER__ 
#define __OLD_ED__ 
#define __PACKAGES_PACKAGES_H__ 
#define __PACKAGE_ASYNC__ 
#define __PACKAGE_COMPRESS__ 
#define __PACKAGE_CONTRIB__ 
#define __PACKAGE_CORE__ 
#define __PACKAGE_CRYPTO__ 
#define __PACKAGE_DEVELOP__ 
#define __PACKAGE_EXTERNAL__ 
#define __PACKAGE_MATH__ 
#define __PACKAGE_MATRIX__ 
#define __PACKAGE_MUDLIB_STATS__ 
#define __PACKAGE_OPS__ 
#define __PACKAGE_PARSER__ 
#define __PACKAGE_PCRE__ 
#define __PACKAGE_SHA1__ 
#define __PACKAGE_SOCKETS__ 
#define __PACKAGE_TRIM__ 
#define __PACKAGE_UIDS__ 
#define __PARSE_DEBUG__ 
#define __PORT__ 5555
#define __PRIVS__ 
#define __PROJECT_VERSION__ "fluffos 20240714-4a59909c-ee813760"
#define __RANDOMIZED_RESETS__ 
#define __RECEIVE_SNOOP__ 
#define __REF_RESERVED_WORD__ 
#define __RESTRICTED_ED__ 
#define __SANE_EXPLODE_STRING__ 
#define __SANE_SORTING__ 
#define __SAVE_EXTENSION__ ".o"
#define __SAVE_GZ_EXTENSION__ ".o.gz"
#define __SENSIBLE_MODIFIERS__ 
#define __SMALL_STRING_SIZE__ 100
#define __STRING_STATS__ 
#define __STRUCT_CLASS__ 
#define __STRUCT_STRUCT__ 
#define __SUPPRESS_ARGUMENT_WARNINGS__ 
#define __THIS_PLAYER_IN_CALL_OUT__ 
#define __TIME_WITH_SYS_TIME__ 1
#define __TRACE__ 
#define __TRAP_CRASHES__ 
#define __USE_32BIT_ADDRESSES__ 
#define __VERSION__ "fluffos 20240714-4a59909c-ee813760"
#define __WARN_OLD_RANGE_BEHAVIOR__ 
========================
Loading simul_efun file : /adm/single/simul_efun
/adm/simul_efun/path.c line 51: Warning: Unused local variable 't2'
  }
   ^
/adm/simul_efun/path.c line 51: Warning: Unused local variable 't3'
  }
   ^
/adm/simul_efun/path.c line 51: Warning: Unused local variable 't4'
  }
   ^
/adm/simul_efun/mkmapping.c line 24: Warning: Unused local variable 'index'
  }
   ^
/adm/simul_efun/mkmapping.c line 55: Warning: Unused local variable 'index'
  }
   ^
Loading master file: /adm/single/master

Loading preload files ...
/adm/daemons/securityd...
/feature/treemap.c line 2: Warning: Unknown #pragma, ignored.
  // This file is part of the TMI mudlib distribution
  ^
/adm/daemons/securityd.c line 126: Warning: Unused local variable 'uid'
  }
   ^
/adm/daemons/securityd.c line 212: Warning: Unused local variable 'wiz'
  }
   ^
/adm/daemons/securityd.c line 212: Warning: Unused local variable 'wizlist'
  }
   ^
/adm/daemons/securityd.c line 212: Warning: Unused local variable 'i'
  }
   ^
/adm/daemons/securityd.c line 250: Warning: Unused local variable 'uid'
  }
   ^
/adm/daemons/securityd.c line 314: Warning: Unused local variable 'uid'
  }
   ^
/adm/daemons/securityd.c line 377: Warning: Unused local variable 'uid'
  }
   ^
/adm/daemons/securityd.c line 408: Warning: Unused local variable 'uid'
  }
   ^
/adm/daemons/securityd.c line 439: Warning: Unused local variable 'uid'
  }
   ^
/adm/daemons/securityd.c line 470: Warning: Unused local variable 'uid'
  }
   ^
/adm/daemons/virtuald...
/adm/daemons/logind...
/adm/daemons/logind.c line 9: Warning: redefinition of #define MAX_USERS

  inherit F_DBASE
  ^
/adm/daemons/logind.c line 113: Warning: Unused local variable 'ppl'
  }
   ^
/adm/daemons/logind.c line 141: Warning: Unused local variable 'usr'
  }
   ^
/adm/daemons/logind.c line 141: Warning: Unused local variable 'i'
  }
   ^
/adm/daemons/logind.c line 141: Warning: Unused local variable 'wiz_cnt'
  }
   ^
/adm/daemons/logind.c line 141: Warning: Unused local variable 'ppl_cnt'
  }
   ^
/adm/daemons/logind.c line 141: Warning: Unused local variable 'login_cnt'
  }
   ^
/adm/daemons/logind.c line 504: Warning: Unused local variable 'n'
  }
   ^
/adm/daemons/logind.c line 529: Warning: Unused local variable 'money'
  }
   ^
/adm/daemons/logind.c line 675: Warning: Unused local variable 'cloth'
  }
   ^
/adm/daemons/logind.c line 675: Warning: Unused local variable 'room'
  }
   ^
/adm/daemons/logind.c line 675: Warning: Unused local variable 'skill_status'
  }
   ^
/adm/daemons/logind.c line 675: Warning: Unused local variable 'family'
  }
   ^
/adm/daemons/logind.c line 675: Warning: Unused local variable 'clas'
  }
   ^
/adm/daemons/logind.c line 675: Warning: Unused local variable 'sname'
  }
   ^
/adm/daemons/logind.c line 675: Warning: Unused local variable 'select'
  }
   ^
/adm/daemons/logind.c line 675: Warning: Unused local variable 'i'
  }
   ^
/adm/daemons/logind.c line 675: Warning: Unused local variable 'level'
  }
   ^
/adm/daemons/logind.c line 675: Warning: Unused local variable 'exper'
  }
   ^
/adm/daemons/logind.c line 746: Warning: Unused local variable 'ob'
  }
   ^
/adm/daemons/rankd...
/adm/daemons/commandd...
/adm/daemons/chinesed...
/adm/daemons/emoted...
/adm/daemons/emoted.c line 72: Warning: Unused local variable 'j'
  }
   ^
/adm/daemons/aliasd...
/adm/daemons/fingerd...
/adm/daemons/fingerd.c line 77: Warning: Unused local variable 'fip'
  }
   ^
/adm/daemons/channeld...
/adm/daemons/channeld.c line 199: Warning: Non-void functions must return a value.
  if(!stringp(arg)) return;
		if( channels[verb]["omit_address"] ) localmsg = remove_addresses(arg, 1)
                             ^
/adm/daemons/channeld.c line 202: Warning: Non-void functions must return a value.
  if(!stringp(localmsg)) return;
		message( "channel:" + verb
                                  ^
/adm/daemons/natured...
/adm/daemons/weapond...
/adm/daemons/network/dns_master...
/adm/daemons/network/dns_master.c line 435: Warning: Unused local variable 'new_mud'
  }
// deletes an entry for a mu
   ^
/adm/daemons/network/dns_master.c line 435: Warning: Unused local variable 'svc'
  }
// deletes an entry for a mu
   ^
/adm/daemons/network/dns_master.c line 565: Warning: Expression has no side effects, and the value is unused
  return
          ^
/adm/daemons/network/dns_master.c line 623: Warning: Unused local variable 'm'
  }
   ^
/adm/daemons/network/dns_master.c line 623: Warning: Unused local variable 'str'
  }
   ^
/adm/daemons/network/dns_master.c line 746: Warning: Unused local variable 'euid'
  }
   ^
/adm/daemons/network/dns_master.c line 790: Warning: Unused local variable 'temp'
  }
   ^
/adm/daemons/network/dns_master.c line 860: Warning: Unused local variable 'static_db'
  }
   ^
/adm/daemons/network/dns_master.c line 860: Warning: Unused local variable 'i'
  }
   ^
/adm/daemons/network/dns_master.c line 860: Warning: Unused local variable 'strs'
  }
   ^
/adm/daemons/ftpd...
/include/net/ftpdconf.h line 90: Warning: redefinition of #define VALID_READ

  #define RESTRICTED_READ  1              // ditto, but limited to public dir
  ^
/include/net/ftpdconf.h line 91: Warning: redefinition of #define RESTRICTED_READ

  #define WRITE_LIMIT_READ 2              // access limited by write acces
  ^
/include/net/ftpdconf.h line 92: Warning: redefinition of #define WRITE_LIMIT_READ

  /*#endif*
  ^
/include/net/ftpdconf.h line 105: Warning: redefinition of #define VALID_WRITE

  #define RESTRICTED_WRITE 1              // ditto, but limited to public dir
  ^
/include/net/ftpdconf.h line 106: Warning: redefinition of #define RESTRICTED_WRITE

  #define READ_ONLY        2              // no write access, at al
  ^
/include/net/ftpdconf.h line 107: Warning: redefinition of #define READ_ONLY

  /*#endif*
  ^
/include/net/ftpdsupp.h line 67: Warning: Unused local variable 'file'
  }
   ^
/adm/daemons/network/http...
Accepting telnet connections on 0.0.0.0:5555.
Accepting websocket connections on 0.0.0.0:8080.
Initializations complete.

/adm/daemons/band.c line 70: Warning: Unused local variable 'i'
  }
   ^
/inherit/char/char.c line 4: Warning: Unknown #pragma, ignored.
  #include <action.h
  ^
/inherit/char/char.c line 4: Warning: Unknown #pragma, ignored.
  #include <action.h
  ^
/feature/alias.c line 5: Warning: Unknown #pragma, ignored.
  #include <ansi.h
  ^
/inherit/char/char.c line 4: Warning: Unknown #pragma, ignored.
  #include <action.h
  ^
/inherit/char/char.c line 4: Warning: Unknown #pragma, ignored.
  #include <action.h
  ^
/inherit/char/char.c line 4: Warning: Unknown #pragma, ignored.
  #include <action.h
  ^
/inherit/char/char.c line 4: Warning: Unknown #pragma, ignored.
  #include <action.h
  ^
/inherit/char/char.c line 4: Warning: Unknown #pragma, ignored.
  #include <action.h
  ^
/inherit/char/char.c line 4: Warning: Unknown #pragma, ignored.
  #include <action.h
  ^
/feature/damage.c line 276: Warning: Unused local variable 'i'
  }
   ^
/feature/damage.c line 354: Warning: Unused local variable 'i'
  }
   ^
/inherit/char/char.c line 4: Warning: Unknown #pragma, ignored.
  #include <action.h
  ^
/inherit/char/char.c line 4: Warning: Unknown #pragma, ignored.
  #include <action.h
  ^
/inherit/char/char.c line 4: Warning: Unknown #pragma, ignored.
  #include <action.h
  ^
/inherit/char/char.c line 4: Warning: Unknown #pragma, ignored.
  #include <action.h
  ^
/inherit/char/char.c line 4: Warning: Unknown #pragma, ignored.
  #include <action.h
  ^
/feature/more.c line 29: Warning: Unused local variable 'j'
  }
   ^
/inherit/char/char.c line 4: Warning: Unknown #pragma, ignored.
  #include <action.h
  ^
/inherit/char/char.c line 4: Warning: Unknown #pragma, ignored.
  #include <action.h
  ^
/feature/name.c line 147: Warning: Unused local variable 'str1'
  }
   ^
/inherit/char/char.c line 4: Warning: Unknown #pragma, ignored.
  #include <action.h
  ^
/inherit/char/char.c line 4: Warning: Unknown #pragma, ignored.
  #include <action.h
  ^
/inherit/char/char.c line 4: Warning: Unknown #pragma, ignored.
  #include <action.h
  ^
/adm/daemons/chard.c line 184: Warning: Unknown \ escape.
  tell_object(p""+"[31m" "\n\你已非风清扬的弟子了，好自为之吧！\n\n" NOR)
                                 ^
/include/armor.h line 9: Warning: redefinition of #define ARMOR

  #define SURCOAT		"/inherit/armor/surcoat
  ^
/include/armor.h line 9: Warning: redefinition of #define ARMOR

  #define SURCOAT		"/inherit/armor/surcoat
  ^
/feature/equip.c line 107: Warning: Unused local variable 'type'
  }
   ^
/include/armor.h line 9: Warning: redefinition of #define ARMOR

  #define SURCOAT		"/inherit/armor/surcoat
  ^
/include/armor.h line 9: Warning: redefinition of #define ARMOR

  #define SURCOAT		"/inherit/armor/surcoat
  ^
/adm/daemons/regband.c line 88: Warning: Unused local variable 'i'
  }
   ^
/inherit/room/room.c line 7: Warning: Unknown #pragma, ignored.
  #include <dbase.h
  ^
/inherit/room/room.c line 257: Warning: Unused local variable 'item_desc'
  }
   ^
/cmds/std/look.c line 197: Warning: Unused local variable 'limb_status'
  }
   ^
/inherit/char/npc.c line 185: Warning: Unused local variable 'weapon'
  }
   ^
/feature/dealer.c line 22: Warning: Unused local variable 'ob'
  }
   ^
/feature/dealer.c line 281: Warning: Unused local variable 'value'
  }
   ^
/include/armor.h line 9: Warning: redefinition of #define ARMOR

  #define SURCOAT		"/inherit/armor/surcoat
  ^
/cmds/usr/score.c line 145: Warning: Unused local variable 'str'
  }
   ^
/adm/daemons/combatd.c line 333: Warning: Unused local variable 'status'
  }
   ^
/adm/daemons/combatd.c line 845: Warning: Unused local variable 'ob'
  }
   ^
/include/armor.h line 9: Warning: redefinition of #define ARMOR

  #define SURCOAT		"/inherit/armor/surcoat
  ^
/d/city/guangchang.c line 133: Warning: Unused local variable 'obj2'
  }
private int is_suitable(o
   ^
/d/city/guangchang.c line 133: Warning: Unused local variable 'maskman'
  }
private int is_suitable(o
   ^
/d/city/guangchang.c line 133: Warning: Unused local variable 'me'
  }
private int is_suitable(o
   ^
/d/city/guangchang.c line 133: Warning: Unused local variable 'level'
  }
private int is_suitable(o
   ^
/d/city/guangchang.c line 300: Warning: Unused local variable 'j'
  }
   ^
/include/ansi.h line 13: Warning: redefinition of #define BLK

  #define RED ESC+"[31m"          /* Red      *
  ^
/include/ansi.h line 14: Warning: redefinition of #define RED

  #define GRN ESC+"[32m"          /* Green    *
  ^
/include/ansi.h line 15: Warning: redefinition of #define GRN

  #define YEL ESC+"[33m"          /* Yellow   *
  ^
/include/ansi.h line 16: Warning: redefinition of #define YEL

  #define BLU ESC+"[34m"          /* Blue     *
  ^
/include/ansi.h line 17: Warning: redefinition of #define BLU

  #define MAG ESC+"[35m"          /* Magenta  *
  ^
/include/ansi.h line 18: Warning: redefinition of #define MAG

  #define CYN ESC+"[36m"          /* Cyan     *
  ^
/include/ansi.h line 19: Warning: redefinition of #define CYN

  #define WHT ESC+"[37m"          /* White    *
  ^
/include/ansi.h line 20: Warning: redefinition of #define WHT

/include/ansi.h line 24: Warning: redefinition of #define HIR

  #define HIG ESC+"[1;32m"        /* Green    *
  ^
/include/ansi.h line 25: Warning: redefinition of #define HIG

  #define HIY ESC+"[1;33m"        /* Yellow   *
  ^
/include/ansi.h line 26: Warning: redefinition of #define HIY

  #define HIB ESC+"[1;34m"        /* Blue     *
  ^
/include/ansi.h line 27: Warning: redefinition of #define HIB

  #define HIM ESC+"[1;35m"        /* Magenta  *
  ^
/include/ansi.h line 28: Warning: redefinition of #define HIM

  #define HIC ESC+"[1;36m"        /* Cyan     *
  ^
/include/ansi.h line 29: Warning: redefinition of #define HIC

  #define HIW ESC+"[1;37m"        /* White    *
  ^
/include/ansi.h line 30: Warning: redefinition of #define HIW

  /* High Intensity Background Colors  *
  ^
/include/ansi.h line 34: Warning: redefinition of #define HBRED

  #define HBGRN ESC+"[42;1m"       /* Green    *
  ^
/include/ansi.h line 35: Warning: redefinition of #define HBGRN

  #define HBYEL ESC+"[43;1m"       /* Yellow   *
  ^
/include/ansi.h line 36: Warning: redefinition of #define HBYEL

  #define HBBLU ESC+"[44;1m"       /* Blue     *
  ^
/include/ansi.h line 37: Warning: redefinition of #define HBBLU

  #define HBMAG ESC+"[45;1m"       /* Magenta  *
  ^
/include/ansi.h line 38: Warning: redefinition of #define HBMAG

  #define HBCYN ESC+"[46;1m"       /* Cyan     *
  ^
/include/ansi.h line 39: Warning: redefinition of #define HBCYN

  #define HBWHT ESC+"[47;1m"       /* White    *
  ^
/include/ansi.h line 40: Warning: redefinition of #define HBWHT

/include/ansi.h line 44: Warning: redefinition of #define BBLK

  #define BRED ESC+"[41m"          /* Red      *
  ^
/include/ansi.h line 45: Warning: redefinition of #define BRED

  #define BGRN ESC+"[42m"          /* Green    *
  ^
/include/ansi.h line 46: Warning: redefinition of #define BGRN

  #define BYEL ESC+"[43m"          /* Yellow   *
  ^
/include/ansi.h line 47: Warning: redefinition of #define BYEL

  #define BBLU ESC+"[44m"          /* Blue     *
  ^
/include/ansi.h line 48: Warning: redefinition of #define BBLU

  #define BMAG ESC+"[45m"          /* Magenta  *
  ^
/include/ansi.h line 49: Warning: redefinition of #define BMAG

  #define BCYN ESC+"[46m"          /* Cyan     *
  ^
/include/ansi.h line 50: Warning: redefinition of #define BCYN

  // #define BWHT ESC+"[47m"          /* White    *
  ^
/include/ansi.h line 54: Warning: redefinition of #define NOR

/include/ansi.h line 60: Warning: redefinition of #define BOLD

  #define CLR ESC+"[2J"           /* Clear the screen  *
  ^
/include/ansi.h line 61: Warning: redefinition of #define CLR

  #define HOME ESC+"[H"           /* Send cursor to home position *
  ^
/include/ansi.h line 62: Warning: redefinition of #define HOME

  #define REF CLR+HOME            /* Clear screen and home cursor *
  ^
/include/ansi.h line 63: Warning: redefinition of #define REF

  #define BIGTOP ESC+"#3"         /* Dbl height characters, top half *
  ^
/include/ansi.h line 64: Warning: redefinition of #define BIGTOP

  #define BIGBOT ESC+"#4"         /* Dbl height characters, bottem half *
  ^
/include/ansi.h line 65: Warning: redefinition of #define BIGBOT

  #define SAVEC ESC+"[s"           /* Save cursor position *
  ^
/include/ansi.h line 66: Warning: redefinition of #define SAVEC

  #define REST ESC+"[u"            /* Restore cursor to saved position *
  ^
/include/ansi.h line 67: Warning: redefinition of #define REST

  //#define REVINDEX ESC+"M"        /* Scroll screen in opposite direction *
  ^
/include/ansi.h line 69: Warning: redefinition of #define SINGW

  #define DBL ESC+"#6"            /* Creates double-width characters *
  ^
/include/ansi.h line 70: Warning: redefinition of #define DBL

  #define FRTOP ESC+"[2;25r"      /* Freeze top line *
  ^
/include/ansi.h line 71: Warning: redefinition of #define FRTOP

  #define FRBOT ESC+"[1;24r"      /* Freeze bottom line *
  ^
/include/ansi.h line 72: Warning: redefinition of #define FRBOT

  #define UNFR ESC+"[r"           /* Unfreeze top and bottom lines *
  ^
/include/ansi.h line 73: Warning: redefinition of #define UNFR

  #define BLINK ESC+"[5m"         /* Initialize blink mode *
  ^
/include/ansi.h line 74: Warning: redefinition of #define BLINK

  #define U ESC+"[4m"             /* Initialize underscore mode *
  ^
/include/ansi.h line 75: Warning: redefinition of #define U

  #define REV ESC+"[7m"           /* Turns reverse video mode on *
  ^
/include/ansi.h line 76: Warning: redefinition of #define REV

  #define HIREV ESC+"[1,7m"       /* Hi intensity reverse video  *
  ^
/include/ansi.h line 77: Warning: redefinition of #define HIREV

/include/armor.h line 9: Warning: redefinition of #define ARMOR

  #define SURCOAT		"/inherit/armor/surcoat
  ^
/include/armor.h line 9: Warning: redefinition of #define ARMOR

  #define SURCOAT		"/inherit/armor/surcoat
  ^
/include/armor.h line 9: Warning: redefinition of #define ARMOR

  #define SURCOAT		"/inherit/armor/surcoat
  ^
/include/armor.h line 9: Warning: redefinition of #define ARMOR

  #define SURCOAT		"/inherit/armor/surcoat
  ^
/d/city/npc/wujiang.c line 7: Warning: Redeclaration of global variable 'skills'.
  #include <a"/inherit/char/npc"/feature/skill.c";
                                                  ^
/d/city/npc/wujiang.c line 7: Warning: Redeclaration of global variable 'learned'.
  #include <a"/inherit/char/npc"/feature/skill.c";
                                                  ^
/d/city/npc/wujiang.c line 7: Warning: Redeclaration of global variable 'skill_map'.
  #include <a"/inherit/char/npc"/feature/skill.c";
                                                  ^
/d/city/npc/wujiang.c line 7: Warning: Redeclaration of global variable 'skill_prepare'.
  #include <a"/inherit/char/npc"/feature/skill.c";
                                                  ^
/d/city/npc/wujiang.c line 67: Warning: skill_death_penalty() inherited from both /feature/skill.c and /feature/skill.c (via /inherit/char/npc.c); using the definition in /feature/skill.c.
/d/city/npc/wujiang.c line 67: Warning: query_skill_map() inherited from both /feature/skill.c and /feature/skill.c (via /inherit/char/npc.c); using the definition in /feature/skill.c.
/d/city/npc/wujiang.c line 67: Warning: query_skill_prepared() inherited from both /feature/skill.c and /feature/skill.c (via /inherit/char/npc.c); using the definition in /feature/skill.c.
/d/city/npc/wujiang.c line 67: Warning: query_skills() inherited from both /feature/skill.c and /feature/skill.c (via /inherit/char/npc.c); using the definition in /feature/skill.c.
/d/city/npc/wujiang.c line 67: Warning: query_learned() inherited from both /feature/skill.c and /feature/skill.c (via /inherit/char/npc.c); using the definition in /feature/skill.c.
/d/city/npc/wujiang.c line 67: Warning: set_skill() inherited from both /feature/skill.c and /feature/skill.c (via /inherit/char/npc.c); using the definition in /feature/skill.c.
/d/city/npc/wujiang.c line 67: Warning: prepare_skill() inherited from both /feature/skill.c and /feature/skill.c (via /inherit/char/npc.c); using the definition in /feature/skill.c.
/d/city/npc/wujiang.c line 67: Warning: delete_skill() inherited from both /feature/skill.c and /feature/skill.c (via /inherit/char/npc.c); using the definition in /feature/skill.c.
/d/city/npc/wujiang.c line 67: Warning: map_skill() inherited from both /feature/skill.c and /feature/skill.c (via /inherit/char/npc.c); using the definition in /feature/skill.c.
/d/city/npc/wujiang.c line 67: Warning: improve_skill() inherited from both /feature/skill.c and /feature/skill.c (via /inherit/char/npc.c); using the definition in /feature/skill.c.
/d/city/npc/wujiang.c line 67: Warning: query_skill_prepare() inherited from both /feature/skill.c and /feature/skill.c (via /inherit/char/npc.c); using the definition in /feature/skill.c.
/d/city/npc/wujiang.c line 67: Warning: query_skill_mapped() inherited from both /feature/skill.c and /feature/skill.c (via /inherit/char/npc.c); using the definition in /feature/skill.c.
/d/city/npc/wujiang.c line 67: Warning: query_skill() inherited from both /feature/skill.c and /feature/skill.c (via /inherit/char/npc.c); using the definition in /feature/skill.c.
/clone/weapon/edge_weapon.h line 2: Warning: Number of arguments disagrees with previous definition.
  mixed hit_ob(object me, object victim, object weapon, int damage_bonus, int factor)
                                                                                     ^
/include/armor.h line 9: Warning: redefinition of #define ARMOR

  #define SURCOAT		"/inherit/armor/surcoat
  ^
/d/zhongnan/xuanya4.c line 239: Warning: Unused local variable 'where'
  }
   ^
/d/wudang/donglang2.c line 44: Warning: Previous function prototype for close_men does not match current function in return type ( void vs int )
  int close_men()
                 ^
/include/armor.h line 9: Warning: redefinition of #define ARMOR

  #define SURCOAT		"/inherit/armor/surcoat
  ^
/d/taishan/npc/jiang.c line 113: Warning: Unused local variable 'obj'
  }
   ^
/clone/weapon/edge_weapon.h line 2: Warning: Number of arguments disagrees with previous definition.
  mixed hit_ob(object me, object victim, object weapon, int damage_bonus, int factor)
                                                                                     ^
/clone/npc/meng-zhu.c line 114: Warning: Unused local variable 'ob'
  }
int accept_fight(object ob
   ^
/clone/npc/meng-zhu.c line 114: Warning: Unused local variable 'i'
  }
int accept_fight(object ob
   ^
/clone/npc/meng-zhu.c line 150: Warning: Unused local variable 'cangku'
  }
   ^
/clone/npc/meng-zhu.c line 150: Warning: Unused local variable 'pkjob'
  }
   ^
/clone/npc/meng-zhu.c line 380: Warning: Unused local variable 'new1'
  }
   ^
/clone/npc/meng-zhu.c line 482: Warning: Unused local variable 'hp_status'
  }
   ^
/clone/npc/meng-zhu.c line 482: Warning: Unused local variable 'prepare_status'
  }
   ^
/clone/npc/meng-zhu.c line 482: Warning: Unused local variable 'pname'
  }
   ^
/clone/npc/meng-zhu.c line 485: Warning: clean_up() inherited from both /feature/clean_up.c and /feature/clean_up.c (via /inherit/char/npc.c); using the definition in /feature/clean_up.c.
/clone/npc/shang-shan.c line 107: Warning: Unused local variable 'ob'
  }
   ^
/clone/npc/shang-shan.c line 107: Warning: Unused local variable 'i'
  }
   ^
/clone/npc/shang-shan.c line 377: Warning: Unused local variable 'new1'
  }
   ^
/clone/misc/bandage.c line 102: Warning: Unused local variable 'i'
  }
   ^
/clone/npc/fa-e.c line 108: Warning: Unused local variable 'ob'
  }
   ^
/clone/npc/fa-e.c line 108: Warning: Unused local variable 'i'
  }
   ^
/clone/npc/fa-e.c line 373: Warning: Unused local variable 'new1'
  }
   ^
/kungfu/class/shaolin/xuan-bei.c line 123: Warning: Unused local variable 'new_name'
  }
   ^
/include/armor.h line 9: Warning: redefinition of #define ARMOR

  #define SURCOAT		"/inherit/armor/surcoat
  ^
/kungfu/skill/hunyuan-yiqi.c line 59: Warning: Unused local variable 'i'
  }
   ^
/kungfu/skill/hunyuan-yiqi.c line 59: Warning: Unused local variable 'ts'
  }
   ^
/d/emei/leidong.c line 61: Warning: Previous function prototype for do_say does not match current function in return type ( void vs int )
  int do_say(string arg)
                        ^
/d/emei/leidong.c line 92: Warning: Unused local variable 'dir'
  }
   ^
/d/emei/hz_chanfang.c line 8: Warning: Number of arguments disagrees with previous definition.
  string look_door()
                    ^
/d/emei/hz_chanfang.c line 40: Warning: Number of arguments disagrees with previous definition.
  string look_door()
                    ^
/d/xueshan/npc/mu-ren.c line 182: Warning: clean_up() inherited from both /feature/clean_up.c and /feature/clean_up.c (via /inherit/char/npc.c); using the definition in /feature/clean_up.c.
/include/ansi.h line 13: Warning: redefinition of #define BLK

  #define RED ESC+"[31m"          /* Red      *
  ^
/include/ansi.h line 14: Warning: redefinition of #define RED

  #define GRN ESC+"[32m"          /* Green    *
  ^
/include/ansi.h line 15: Warning: redefinition of #define GRN

  #define YEL ESC+"[33m"          /* Yellow   *
  ^
/include/ansi.h line 16: Warning: redefinition of #define YEL

  #define BLU ESC+"[34m"          /* Blue     *
  ^
/include/ansi.h line 17: Warning: redefinition of #define BLU

  #define MAG ESC+"[35m"          /* Magenta  *
  ^
/include/ansi.h line 18: Warning: redefinition of #define MAG

  #define CYN ESC+"[36m"          /* Cyan     *
  ^
/include/ansi.h line 19: Warning: redefinition of #define CYN

  #define WHT ESC+"[37m"          /* White    *
  ^
/include/ansi.h line 20: Warning: redefinition of #define WHT

/include/ansi.h line 24: Warning: redefinition of #define HIR

  #define HIG ESC+"[1;32m"        /* Green    *
  ^
/include/ansi.h line 25: Warning: redefinition of #define HIG

  #define HIY ESC+"[1;33m"        /* Yellow   *
  ^
/include/ansi.h line 26: Warning: redefinition of #define HIY

  #define HIB ESC+"[1;34m"        /* Blue     *
  ^
/include/ansi.h line 27: Warning: redefinition of #define HIB

  #define HIM ESC+"[1;35m"        /* Magenta  *
  ^
/include/ansi.h line 28: Warning: redefinition of #define HIM

  #define HIC ESC+"[1;36m"        /* Cyan     *
  ^
/include/ansi.h line 29: Warning: redefinition of #define HIC

  #define HIW ESC+"[1;37m"        /* White    *
  ^
/include/ansi.h line 30: Warning: redefinition of #define HIW

  /* High Intensity Background Colors  *
  ^
/include/ansi.h line 34: Warning: redefinition of #define HBRED

  #define HBGRN ESC+"[42;1m"       /* Green    *
  ^
/include/ansi.h line 35: Warning: redefinition of #define HBGRN

  #define HBYEL ESC+"[43;1m"       /* Yellow   *
  ^
/include/ansi.h line 36: Warning: redefinition of #define HBYEL

  #define HBBLU ESC+"[44;1m"       /* Blue     *
  ^
/include/ansi.h line 37: Warning: redefinition of #define HBBLU

  #define HBMAG ESC+"[45;1m"       /* Magenta  *
  ^
/include/ansi.h line 38: Warning: redefinition of #define HBMAG

  #define HBCYN ESC+"[46;1m"       /* Cyan     *
  ^
/include/ansi.h line 39: Warning: redefinition of #define HBCYN

  #define HBWHT ESC+"[47;1m"       /* White    *
  ^
/include/ansi.h line 40: Warning: redefinition of #define HBWHT

/include/ansi.h line 44: Warning: redefinition of #define BBLK

  #define BRED ESC+"[41m"          /* Red      *
  ^
/include/ansi.h line 45: Warning: redefinition of #define BRED

  #define BGRN ESC+"[42m"          /* Green    *
  ^
/include/ansi.h line 46: Warning: redefinition of #define BGRN

  #define BYEL ESC+"[43m"          /* Yellow   *
  ^
/include/ansi.h line 47: Warning: redefinition of #define BYEL

  #define BBLU ESC+"[44m"          /* Blue     *
  ^
/include/ansi.h line 48: Warning: redefinition of #define BBLU

  #define BMAG ESC+"[45m"          /* Magenta  *
  ^
/include/ansi.h line 49: Warning: redefinition of #define BMAG

  #define BCYN ESC+"[46m"          /* Cyan     *
  ^
/include/ansi.h line 50: Warning: redefinition of #define BCYN

  // #define BWHT ESC+"[47m"          /* White    *
  ^
/include/ansi.h line 54: Warning: redefinition of #define NOR

/include/ansi.h line 60: Warning: redefinition of #define BOLD

  #define CLR ESC+"[2J"           /* Clear the screen  *
  ^
/include/ansi.h line 61: Warning: redefinition of #define CLR

  #define HOME ESC+"[H"           /* Send cursor to home position *
  ^
/include/ansi.h line 62: Warning: redefinition of #define HOME

  #define REF CLR+HOME            /* Clear screen and home cursor *
  ^
/include/ansi.h line 63: Warning: redefinition of #define REF

  #define BIGTOP ESC+"#3"         /* Dbl height characters, top half *
  ^
/include/ansi.h line 64: Warning: redefinition of #define BIGTOP

  #define BIGBOT ESC+"#4"         /* Dbl height characters, bottem half *
  ^
/include/ansi.h line 65: Warning: redefinition of #define BIGBOT

  #define SAVEC ESC+"[s"           /* Save cursor position *
  ^
/include/ansi.h line 66: Warning: redefinition of #define SAVEC

  #define REST ESC+"[u"            /* Restore cursor to saved position *
  ^
/include/ansi.h line 67: Warning: redefinition of #define REST

  //#define REVINDEX ESC+"M"        /* Scroll screen in opposite direction *
  ^
/include/ansi.h line 69: Warning: redefinition of #define SINGW

  #define DBL ESC+"#6"            /* Creates double-width characters *
  ^
/include/ansi.h line 70: Warning: redefinition of #define DBL

  #define FRTOP ESC+"[2;25r"      /* Freeze top line *
  ^
/include/ansi.h line 71: Warning: redefinition of #define FRTOP

  #define FRBOT ESC+"[1;24r"      /* Freeze bottom line *
  ^
/include/ansi.h line 72: Warning: redefinition of #define FRBOT

  #define UNFR ESC+"[r"           /* Unfreeze top and bottom lines *
  ^
/include/ansi.h line 73: Warning: redefinition of #define UNFR

  #define BLINK ESC+"[5m"         /* Initialize blink mode *
  ^
/include/ansi.h line 74: Warning: redefinition of #define BLINK

  #define U ESC+"[4m"             /* Initialize underscore mode *
  ^
/include/ansi.h line 75: Warning: redefinition of #define U

  #define REV ESC+"[7m"           /* Turns reverse video mode on *
  ^
/include/ansi.h line 76: Warning: redefinition of #define REV

  #define HIREV ESC+"[1,7m"       /* Hi intensity reverse video  *
  ^
/include/ansi.h line 77: Warning: redefinition of #define HIREV

/kungfu/class/wudang/zhike.c line 531: Warning: Unused local variable 'obn'
  }
   ^
/kungfu/class/wudang/zhike.c line 531: Warning: Unused local variable 'wage'
  }
   ^
/kungfu/class/wudang/zhike.c line 531: Warning: Unused local variable 'i'
  }
   ^
/kungfu/class/wudang/zhike.c line 531: Warning: Unused local variable 'j'
  }
   ^
/kungfu/class/wudang/zhike.c line 531: Warning: Unused local variable 'wanted'
  }
   ^
/kungfu/class/wudang/zhike.c line 616: Warning: Unused local variable 'i'
  }
   ^
/kungfu/class/wudang/zhike.c line 616: Warning: Unused local variable 'inv'
  }
   ^
/include/armor.h line 9: Warning: redefinition of #define ARMOR

  #define SURCOAT		"/inherit/armor/surcoat
  ^
/clone/obj/job_server.c line 138: Warning: Non-void functions must return a value.
  return;
                 ^
/clone/obj/job_server.c line 180: Warning: Non-void functions must return a value.
  return;
                 ^
/clone/obj/job_server.c line 195: Warning: Non-void functions must return a value.
  return;
                 ^
/clone/obj/job_server.c line 282: Warning: Unused local variable 'me'
  }
   ^
/clone/obj/job_server.c line 353: Warning: Unused local variable 'job_name'
  }
   ^
/clone/obj/job_server.c line 469: Warning: Unused local variable 'obj'
  }
   ^
/kungfu/skill/force.c line 8: Warning: Number of arguments disagrees with previous definition.
  int valid_learn() { return 1;
                   ^
/inherit/room/ferry.c line 53: Warning: Unused local variable 'dir'
  }
   ^
/d/shaolin/hanshui1.c line 42: Warning: Unused local variable 'room'
  }
   ^
/include/armor.h line 9: Warning: redefinition of #define ARMOR

  #define SURCOAT		"/inherit/armor/surcoat
  ^
/include/armor.h line 9: Warning: redefinition of #define ARMOR

  #define SURCOAT		"/inherit/armor/surcoat
  ^
/include/armor.h line 9: Warning: redefinition of #define ARMOR

  #define SURCOAT		"/inherit/armor/surcoat
  ^
/d/gaibang/obj/budai.c line 8: syntax error, unexpected L_BASIC_TYPE, expecting L_ASSIGN or ';' or '(' or ','
  static int amount
            ^

执行时段错误：*Error in loading object '/d/gaibang/obj/budai'

程式：/inherit/char/npc.c 第 14 行
物件: /kungfu/class/gaibang/jiang-shangyou ("江上游")
呼叫来自：/feature/command.c 的 command_hook() 第 53 行，物件： /clone/user/user#2 ("空青岚")
呼叫来自：/cmds/std/go.c 的 main() 第 90 行，物件： /cmds/std/go
呼叫来自：/d/shaolin/hanshui1.c 的 create() 第 41 行，物件： /d/shaolin/hanshui1
呼叫来自：/inherit/room/ferry.c 的 setup() 第 17 行，物件： /d/shaolin/hanshui1
呼叫来自：/inherit/room/room.c 的 setup() 第 280 行，物件： /d/shaolin/hanshui1
呼叫来自：/inherit/room/room.c 的 reset() 第 124 行，物件： /d/shaolin/hanshui1
呼叫来自：/inherit/room/room.c 的 make_inventory() 第 56 行，物件： /d/shaolin/hanshui1
呼叫来自：/kungfu/class/gaibang/jiang-shangyou.c 的 create() 第 50 行，物件： /kungfu/class/gaibang/jiang-shangyou ("江上游")
呼叫来自：/inherit/char/npc.c 的 carry_object() 第 14 行，物件： /kungfu/class/gaibang/jiang-shangyou ("江上游")
/d/shaolin/shanmen.c line 67: Warning: Unused local variable 'mygen'
  }
   ^
/include/armor.h line 9: Warning: redefinition of #define ARMOR

  #define SURCOAT		"/inherit/armor/surcoat
  ^
/d/shaolin/guangchang1.c line 10: Warning: Number of arguments disagrees with previous definition.
  int valid_leave()
                   ^
/d/shaolin/guangchang1.c line 65: Warning: Previous function prototype for close_gate does not match current function in return type ( void vs int )
  int close_gate()
                  ^
/kungfu/class/shaolin/qing-fa.c line 168: Warning: Unused local variable 'fam'
  }
   ^
/include/armor.h line 9: Warning: redefinition of #define ARMOR

  #define SURCOAT		"/inherit/armor/surcoat
  ^
/inherit/misc/bboard.c line 71: Warning: Unused local variable 'i'
  }
   ^
/inherit/misc/bboard.c line 71: Warning: Unused local variable 'last_time_read'
  }
   ^
/inherit/misc/bboard.c line 71: Warning: Unused local variable 'myid'
  }
   ^
/inherit/misc/bboard.c line 93: Warning: Unused local variable 'myid'
  }
   ^
/include/armor.h line 9: Warning: redefinition of #define ARMOR

  #define SURCOAT		"/inherit/armor/surcoat
  ^
/include/armor.h line 9: Warning: redefinition of #define ARMOR

  #define SURCOAT		"/inherit/armor/surcoat
  ^
/kungfu/class/shaolin/qing.h line 161: Warning: Unused local variable 'name'
  }
   ^
/kungfu/class/shaolin/qing.h line 161: Warning: Unused local variable 'new_name'
  }
   ^
/d/shaolin/obj/liuli-qiezi.c line 21: Warning: short() inherited from both /feature/food.c and /feature/name.c (via /inherit/item/item.c); using the definition in /feature/food.c.
/feature/liquid.c line 29: Warning: Unknown \ escape.
  str = "里面装了少许\的" + query("liquid/name") + "。\n"
                                ^
/d/shaolin/obj/bocai-fentiao.c line 21: Warning: short() inherited from both /feature/food.c and /feature/name.c (via /inherit/item/item.c); using the definition in /feature/food.c.
/include/armor.h line 9: Warning: redefinition of #define ARMOR

  #define SURCOAT		"/inherit/armor/surcoat
  ^
/cmds/skill/learn.c line 151: Warning: Unused local variable 'master'
  }
   ^
/d/shaolin/obj/jiaxin-biji.c line 21: Warning: short() inherited from both /feature/food.c and /feature/name.c (via /inherit/item/item.c); using the definition in /feature/food.c.
/d/shaolin/obj/basi-shanyao.c line 21: Warning: short() inherited from both /feature/food.c and /feature/name.c (via /inherit/item/item.c); using the definition in /feature/food.c.
/include/armor.h line 9: Warning: redefinition of #define ARMOR

  #define SURCOAT		"/inherit/armor/surcoat
  ^
/cmds/std/ask.c line 134: Warning: Unused local variable 'inquiry'
  }
   ^
/kungfu/condition/tiaoshui.c line 23: Warning: Unused local variable 'obj'
  }
void let_know(object me
   ^
/kungfu/condition/tiaoshui.c line 23: Warning: Unused local variable 'inv'
  }
void let_know(object me
   ^
/kungfu/condition/tiaoshui.c line 23: Warning: Unused local variable 'i'
  }
void let_know(object me
   ^
/kungfu/condition/tiaoshui.c line 23: Warning: Unused local variable 'found'
  }
void let_know(object me
   ^
/d/shaolin/obj/tong.c line 28: Warning: Unused local variable 'water_level'
  }
string long_desc(
   ^
/d/shaolin/obj/tong.c line 144: Warning: Unused local variable 'water_level'
  }
   ^
/d/shaolin/obj/tong.c line 144: Warning: Unused local variable 'max'
  }
   ^
/d/shaolin/shanlu1.c line 51: Warning: Unused local variable 'current_dodge'
  }
   ^
/kungfu/condition/ts_pending.c line 23: Warning: Unused local variable 'obj'
  }
   ^
/kungfu/condition/ts_pending.c line 23: Warning: Unused local variable 'inv'
  }
   ^
/kungfu/condition/ts_pending.c line 23: Warning: Unused local variable 'i'
  }
   ^
/kungfu/condition/ts_pending.c line 23: Warning: Unused local variable 'found'
  }
   ^
/cmds/skill/yun.c line 42: Warning: Unused local variable 'result'
  }
   ^
/include/armor.h line 9: Warning: redefinition of #define ARMOR

  #define SURCOAT		"/inherit/armor/surcoat
  ^
/include/armor.h line 9: Warning: redefinition of #define ARMOR

  #define SURCOAT		"/inherit/armor/surcoat
  ^
/include/armor.h line 9: Warning: redefinition of #define ARMOR

  #define SURCOAT		"/inherit/armor/surcoat
  ^
/d/gaibang/obj/budai.c line 8: syntax error, unexpected L_BASIC_TYPE, expecting L_ASSIGN or ';' or '(' or ','
  static int amount
            ^

执行时段错误：*Error in loading object '/d/gaibang/obj/budai'

程式：/inherit/char/npc.c 第 14 行
物件: /kungfu/class/gaibang/jiang-shangyou ("江上游")
呼叫来自：/inherit/room/room.c 的 reset() 第 124 行，物件： /d/shaolin/hanshui1
呼叫来自：/inherit/room/room.c 的 make_inventory() 第 56 行，物件： /d/shaolin/hanshui1
呼叫来自：/kungfu/class/gaibang/jiang-shangyou.c 的 create() 第 50 行，物件： /kungfu/class/gaibang/jiang-shangyou ("江上游")
呼叫来自：/inherit/char/npc.c 的 carry_object() 第 14 行，物件： /kungfu/class/gaibang/jiang-shangyou ("江上游")
/d/emei/xixiang.c line 106: Warning: Unused local variable 'j'
  }
   ^
/d/emei/xixiang.c line 106: Warning: Unused local variable 'ob'
  }
   ^
/inherit/room/room.c line 7: Warning: Unknown #pragma, ignored.
  #include <dbase.h
  ^
/inherit/room/room.c line 7: Warning: Unknown #pragma, ignored.
  #include <dbase.h
  ^
/inherit/room/room.c line 257: Warning: Unused local variable 'item_desc'
  }
   ^
/inherit/char/npc.c line 185: Warning: Unused local variable 'weapon'
  }
   ^
/cmds/usr/inventory.c line 33: Warning: Unused local variable 'i'
  }
   ^
/d/shaolin/beilin2.c line 156: Warning: Unused local variable 'dir'
  }
   ^
/kungfu/condition/ts_pending.c line 23: Warning: Unused local variable 'obj'
  }
   ^
/kungfu/condition/ts_pending.c line 23: Warning: Unused local variable 'inv'
  }
   ^
/kungfu/condition/ts_pending.c line 23: Warning: Unused local variable 'i'
  }
   ^
/kungfu/condition/ts_pending.c line 23: Warning: Unused local variable 'found'
  }
   ^
/inherit/room/room.c line 7: Warning: Unknown #pragma, ignored.
  #include <dbase.h
  ^
/inherit/room/room.c line 7: Warning: Unknown #pragma, ignored.
  #include <dbase.h
  ^
/inherit/room/room.c line 257: Warning: Unused local variable 'item_desc'
  }
   ^
/inherit/char/npc.c line 185: Warning: Unused local variable 'weapon'
  }
   ^
/cmds/std/ask.c line 134: Warning: Unused local variable 'inquiry'
  }
   ^
/d/shaolin/shanmen.c line 67: Warning: Unused local variable 'mygen'
  }
   ^
/d/city/npc/wujiang.c line 7: Warning: Redeclaration of global variable 'skills'.
  #include <a"/inherit/char/npc"/feature/skill.c";
                                                  ^
/d/city/npc/wujiang.c line 7: Warning: Redeclaration of global variable 'learned'.
  #include <a"/inherit/char/npc"/feature/skill.c";
                                                  ^
/d/city/npc/wujiang.c line 7: Warning: Redeclaration of global variable 'skill_map'.
  #include <a"/inherit/char/npc"/feature/skill.c";
                                                  ^
/d/city/npc/wujiang.c line 7: Warning: Redeclaration of global variable 'skill_prepare'.
  #include <a"/inherit/char/npc"/feature/skill.c";
                                                  ^
/d/city/npc/wujiang.c line 67: Warning: skill_death_penalty() inherited from both /feature/skill.c and /feature/skill.c (via /inherit/char/npc.c); using the definition in /feature/skill.c.
/d/city/npc/wujiang.c line 67: Warning: query_skill_map() inherited from both /feature/skill.c and /feature/skill.c (via /inherit/char/npc.c); using the definition in /feature/skill.c.
/d/city/npc/wujiang.c line 67: Warning: query_skill_prepared() inherited from both /feature/skill.c and /feature/skill.c (via /inherit/char/npc.c); using the definition in /feature/skill.c.
/d/city/npc/wujiang.c line 67: Warning: query_skills() inherited from both /feature/skill.c and /feature/skill.c (via /inherit/char/npc.c); using the definition in /feature/skill.c.
/d/city/npc/wujiang.c line 67: Warning: query_learned() inherited from both /feature/skill.c and /feature/skill.c (via /inherit/char/npc.c); using the definition in /feature/skill.c.
/d/city/npc/wujiang.c line 67: Warning: set_skill() inherited from both /feature/skill.c and /feature/skill.c (via /inherit/char/npc.c); using the definition in /feature/skill.c.
/d/city/npc/wujiang.c line 67: Warning: prepare_skill() inherited from both /feature/skill.c and /feature/skill.c (via /inherit/char/npc.c); using the definition in /feature/skill.c.
/d/city/npc/wujiang.c line 67: Warning: delete_skill() inherited from both /feature/skill.c and /feature/skill.c (via /inherit/char/npc.c); using the definition in /feature/skill.c.
/d/city/npc/wujiang.c line 67: Warning: map_skill() inherited from both /feature/skill.c and /feature/skill.c (via /inherit/char/npc.c); using the definition in /feature/skill.c.
/d/city/npc/wujiang.c line 67: Warning: improve_skill() inherited from both /feature/skill.c and /feature/skill.c (via /inherit/char/npc.c); using the definition in /feature/skill.c.
/d/city/npc/wujiang.c line 67: Warning: query_skill_prepare() inherited from both /feature/skill.c and /feature/skill.c (via /inherit/char/npc.c); using the definition in /feature/skill.c.
/d/city/npc/wujiang.c line 67: Warning: query_skill_mapped() inherited from both /feature/skill.c and /feature/skill.c (via /inherit/char/npc.c); using the definition in /feature/skill.c.
/d/city/npc/wujiang.c line 67: Warning: query_skill() inherited from both /feature/skill.c and /feature/skill.c (via /inherit/char/npc.c); using the definition in /feature/skill.c.
/d/shaolin/shanlu1.c line 51: Warning: Unused local variable 'current_dodge'
  }
   ^
/inherit/room/room.c line 7: Warning: Unknown #pragma, ignored.
  #include <dbase.h
  ^
/inherit/room/room.c line 7: Warning: Unknown #pragma, ignored.
  #include <dbase.h
  ^
/inherit/room/room.c line 257: Warning: Unused local variable 'item_desc'
  }
   ^
/d/shaolin/shanlu1.c line 51: Warning: Unused local variable 'current_dodge'
  }
   ^
/inherit/char/npc.c line 185: Warning: Unused local variable 'weapon'
  }
   ^
/cmds/usr/quit.c line 110: Warning: Unused local variable 'stage'
  }
   ^
/cmds/std/drop.c line 87: Warning: Unused local variable 'str'
  }
   ^
/cmds/std/look.c line 197: Warning: Unused local variable 'limb_status'
  }
   ^
/cmds/usr/quit.c line 110: Warning: Unused local variable 'stage'
  }
   ^
/cmds/std/drop.c line 87: Warning: Unused local variable 'str'
  }
   ^
/cmds/std/look.c line 197: Warning: Unused local variable 'limb_status'
  }
   ^
/cmds/usr/quit.c line 110: Warning: Unused local variable 'stage'
  }
   ^
/cmds/std/drop.c line 87: Warning: Unused local variable 'str'
  }
   ^
/cmds/std/look.c line 197: Warning: Unused local variable 'limb_status'
  }
   ^
/cmds/usr/quit.c line 110: Warning: Unused local variable 'stage'
  }
   ^
/cmds/std/drop.c line 87: Warning: Unused local variable 'str'
  }
   ^
/cmds/std/look.c line 197: Warning: Unused local variable 'limb_status'
  }
   ^
/cmds/usr/quit.c line 110: Warning: Unused local variable 'stage'
  }
   ^
/cmds/std/drop.c line 87: Warning: Unused local variable 'str'
  }
   ^
/cmds/std/look.c line 197: Warning: Unused local variable 'limb_status'
  }
   ^
/cmds/usr/quit.c line 110: Warning: Unused local variable 'stage'
  }
   ^
/cmds/std/drop.c line 87: Warning: Unused local variable 'str'
  }
   ^
/cmds/std/look.c line 197: Warning: Unused local variable 'limb_status'
  }
   ^
/inherit/room/room.c line 7: Warning: Unknown #pragma, ignored.
  #include <dbase.h
  ^
/inherit/room/room.c line 257: Warning: Unused local variable 'item_desc'
  }
   ^
/inherit/char/npc.c line 185: Warning: Unused local variable 'weapon'
  }
   ^
/kungfu/class/shaolin/qing.h line 161: Warning: Unused local variable 'name'
  }
   ^
/kungfu/class/shaolin/qing.h line 161: Warning: Unused local variable 'new_name'
  }
   ^
/d/shaolin/obj/mala-doufu.c line 21: Warning: short() inherited from both /feature/food.c and /feature/name.c (via /inherit/item/item.c); using the definition in /feature/food.c.
/kungfu/skill/force.c line 8: Warning: Number of arguments disagrees with previous definition.
  int valid_learn() { return 1;
                   ^
/kungfu/skill/hunyuan-yiqi.c line 59: Warning: Unused local variable 'i'
  }
   ^
/kungfu/skill/hunyuan-yiqi.c line 59: Warning: Unused local variable 'ts'
  }
   ^
/cmds/usr/inventory.c line 33: Warning: Unused local variable 'i'
  }
   ^
/cmds/skill/learn.c line 151: Warning: Unused local variable 'master'
  }
   ^
/cmds/std/ask.c line 134: Warning: Unused local variable 'inquiry'
  }
   ^
/kungfu/condition/ts_pending.c line 23: Warning: Unused local variable 'obj'
  }
   ^
/kungfu/condition/ts_pending.c line 23: Warning: Unused local variable 'inv'
  }
   ^
/kungfu/condition/ts_pending.c line 23: Warning: Unused local variable 'i'
  }
   ^
/kungfu/condition/ts_pending.c line 23: Warning: Unused local variable 'found'
  }
   ^
/cmds/usr/score.c line 145: Warning: Unused local variable 'str'
  }
   ^
/inherit/room/room.c line 7: Warning: Unknown #pragma, ignored.
  #include <dbase.h
  ^
/inherit/room/room.c line 7: Warning: Unknown #pragma, ignored.
  #include <dbase.h
  ^
/inherit/room/room.c line 257: Warning: Unused local variable 'item_desc'
  }
   ^
/cmds/usr/quit.c line 110: Warning: Unused local variable 'stage'
  }
   ^
/cmds/std/drop.c line 87: Warning: Unused local variable 'str'
  }
   ^
/include/armor.h line 9: Warning: redefinition of #define ARMOR

  #define SURCOAT		"/inherit/armor/surcoat
  ^
/include/armor.h line 9: Warning: redefinition of #define ARMOR

  #define SURCOAT		"/inherit/armor/surcoat
  ^
/include/armor.h line 9: Warning: redefinition of #define ARMOR

  #define SURCOAT		"/inherit/armor/surcoat
  ^
/include/armor.h line 9: Warning: redefinition of #define ARMOR

  #define SURCOAT		"/inherit/armor/surcoat
  ^
/inherit/room/room.c line 7: Warning: Unknown #pragma, ignored.
  #include <dbase.h
  ^
/inherit/room/room.c line 257: Warning: Unused local variable 'item_desc'
  }
   ^
/cmds/std/look.c line 197: Warning: Unused local variable 'limb_status'
  }
   ^
/kungfu/condition/ts_pending.c line 23: Warning: Unused local variable 'obj'
  }
   ^
/kungfu/condition/ts_pending.c line 23: Warning: Unused local variable 'inv'
  }
   ^
/kungfu/condition/ts_pending.c line 23: Warning: Unused local variable 'i'
  }
   ^
/kungfu/condition/ts_pending.c line 23: Warning: Unused local variable 'found'
  }
   ^
/cmds/usr/score.c line 145: Warning: Unused local variable 'str'
  }
   ^
/inherit/char/npc.c line 185: Warning: Unused local variable 'weapon'
  }
   ^
/d/city/guangchang.c line 133: Warning: Unused local variable 'obj2'
  }
private int is_suitable(o
   ^
/d/city/guangchang.c line 133: Warning: Unused local variable 'maskman'
  }
private int is_suitable(o
   ^
/d/city/guangchang.c line 133: Warning: Unused local variable 'me'
  }
private int is_suitable(o
   ^
/d/city/guangchang.c line 133: Warning: Unused local variable 'level'
  }
private int is_suitable(o
   ^
/d/city/guangchang.c line 300: Warning: Unused local variable 'j'
  }
   ^
/include/ansi.h line 13: Warning: redefinition of #define BLK

  #define RED ESC+"[31m"          /* Red      *
  ^
/include/ansi.h line 14: Warning: redefinition of #define RED

  #define GRN ESC+"[32m"          /* Green    *
  ^
/include/ansi.h line 15: Warning: redefinition of #define GRN

  #define YEL ESC+"[33m"          /* Yellow   *
  ^
/include/ansi.h line 16: Warning: redefinition of #define YEL

  #define BLU ESC+"[34m"          /* Blue     *
  ^
/include/ansi.h line 17: Warning: redefinition of #define BLU

  #define MAG ESC+"[35m"          /* Magenta  *
  ^
/include/ansi.h line 18: Warning: redefinition of #define MAG

  #define CYN ESC+"[36m"          /* Cyan     *
  ^
/include/ansi.h line 19: Warning: redefinition of #define CYN

  #define WHT ESC+"[37m"          /* White    *
  ^
/include/ansi.h line 20: Warning: redefinition of #define WHT

/include/ansi.h line 24: Warning: redefinition of #define HIR

  #define HIG ESC+"[1;32m"        /* Green    *
  ^
/include/ansi.h line 25: Warning: redefinition of #define HIG

  #define HIY ESC+"[1;33m"        /* Yellow   *
  ^
/include/ansi.h line 26: Warning: redefinition of #define HIY

  #define HIB ESC+"[1;34m"        /* Blue     *
  ^
/include/ansi.h line 27: Warning: redefinition of #define HIB

  #define HIM ESC+"[1;35m"        /* Magenta  *
  ^
/include/ansi.h line 28: Warning: redefinition of #define HIM

  #define HIC ESC+"[1;36m"        /* Cyan     *
  ^
/include/ansi.h line 29: Warning: redefinition of #define HIC

  #define HIW ESC+"[1;37m"        /* White    *
  ^
/include/ansi.h line 30: Warning: redefinition of #define HIW

  /* High Intensity Background Colors  *
  ^
/include/ansi.h line 34: Warning: redefinition of #define HBRED

  #define HBGRN ESC+"[42;1m"       /* Green    *
  ^
/include/ansi.h line 35: Warning: redefinition of #define HBGRN

  #define HBYEL ESC+"[43;1m"       /* Yellow   *
  ^
/include/ansi.h line 36: Warning: redefinition of #define HBYEL

  #define HBBLU ESC+"[44;1m"       /* Blue     *
  ^
/include/ansi.h line 37: Warning: redefinition of #define HBBLU

  #define HBMAG ESC+"[45;1m"       /* Magenta  *
  ^
/include/ansi.h line 38: Warning: redefinition of #define HBMAG

  #define HBCYN ESC+"[46;1m"       /* Cyan     *
  ^
/include/ansi.h line 39: Warning: redefinition of #define HBCYN

  #define HBWHT ESC+"[47;1m"       /* White    *
  ^
/include/ansi.h line 40: Warning: redefinition of #define HBWHT

/include/ansi.h line 44: Warning: redefinition of #define BBLK

  #define BRED ESC+"[41m"          /* Red      *
  ^
/include/ansi.h line 45: Warning: redefinition of #define BRED

  #define BGRN ESC+"[42m"          /* Green    *
  ^
/include/ansi.h line 46: Warning: redefinition of #define BGRN

  #define BYEL ESC+"[43m"          /* Yellow   *
  ^
/include/ansi.h line 47: Warning: redefinition of #define BYEL

  #define BBLU ESC+"[44m"          /* Blue     *
  ^
/include/ansi.h line 48: Warning: redefinition of #define BBLU

  #define BMAG ESC+"[45m"          /* Magenta  *
  ^
/include/ansi.h line 49: Warning: redefinition of #define BMAG

  #define BCYN ESC+"[46m"          /* Cyan     *
  ^
/include/ansi.h line 50: Warning: redefinition of #define BCYN

  // #define BWHT ESC+"[47m"          /* White    *
  ^
/include/ansi.h line 54: Warning: redefinition of #define NOR

/include/ansi.h line 60: Warning: redefinition of #define BOLD

  #define CLR ESC+"[2J"           /* Clear the screen  *
  ^
/include/ansi.h line 61: Warning: redefinition of #define CLR

  #define HOME ESC+"[H"           /* Send cursor to home position *
  ^
/include/ansi.h line 62: Warning: redefinition of #define HOME

  #define REF CLR+HOME            /* Clear screen and home cursor *
  ^
/include/ansi.h line 63: Warning: redefinition of #define REF

  #define BIGTOP ESC+"#3"         /* Dbl height characters, top half *
  ^
/include/ansi.h line 64: Warning: redefinition of #define BIGTOP

  #define BIGBOT ESC+"#4"         /* Dbl height characters, bottem half *
  ^
/include/ansi.h line 65: Warning: redefinition of #define BIGBOT

  #define SAVEC ESC+"[s"           /* Save cursor position *
  ^
/include/ansi.h line 66: Warning: redefinition of #define SAVEC

  #define REST ESC+"[u"            /* Restore cursor to saved position *
  ^
/include/ansi.h line 67: Warning: redefinition of #define REST

  //#define REVINDEX ESC+"M"        /* Scroll screen in opposite direction *
  ^
/include/ansi.h line 69: Warning: redefinition of #define SINGW

  #define DBL ESC+"#6"            /* Creates double-width characters *
  ^
/include/ansi.h line 70: Warning: redefinition of #define DBL

  #define FRTOP ESC+"[2;25r"      /* Freeze top line *
  ^
/include/ansi.h line 71: Warning: redefinition of #define FRTOP

  #define FRBOT ESC+"[1;24r"      /* Freeze bottom line *
  ^
/include/ansi.h line 72: Warning: redefinition of #define FRBOT

  #define UNFR ESC+"[r"           /* Unfreeze top and bottom lines *
  ^
/include/ansi.h line 73: Warning: redefinition of #define UNFR

  #define BLINK ESC+"[5m"         /* Initialize blink mode *
  ^
/include/ansi.h line 74: Warning: redefinition of #define BLINK

  #define U ESC+"[4m"             /* Initialize underscore mode *
  ^
/include/ansi.h line 75: Warning: redefinition of #define U

  #define REV ESC+"[7m"           /* Turns reverse video mode on *
  ^
/include/ansi.h line 76: Warning: redefinition of #define REV

  #define HIREV ESC+"[1,7m"       /* Hi intensity reverse video  *
  ^
/include/ansi.h line 77: Warning: redefinition of #define HIREV

/d/city/npc/wujiang.c line 7: Warning: Redeclaration of global variable 'skills'.
  #include <a"/inherit/char/npc"/feature/skill.c";
                                                  ^
/d/city/npc/wujiang.c line 7: Warning: Redeclaration of global variable 'learned'.
  #include <a"/inherit/char/npc"/feature/skill.c";
                                                  ^
/d/city/npc/wujiang.c line 7: Warning: Redeclaration of global variable 'skill_map'.
  #include <a"/inherit/char/npc"/feature/skill.c";
                                                  ^
/d/city/npc/wujiang.c line 7: Warning: Redeclaration of global variable 'skill_prepare'.
  #include <a"/inherit/char/npc"/feature/skill.c";
                                                  ^
/d/city/npc/wujiang.c line 67: Warning: skill_death_penalty() inherited from both /feature/skill.c and /feature/skill.c (via /inherit/char/npc.c); using the definition in /feature/skill.c.
/d/city/npc/wujiang.c line 67: Warning: query_skill_map() inherited from both /feature/skill.c and /feature/skill.c (via /inherit/char/npc.c); using the definition in /feature/skill.c.
/d/city/npc/wujiang.c line 67: Warning: query_skill_prepared() inherited from both /feature/skill.c and /feature/skill.c (via /inherit/char/npc.c); using the definition in /feature/skill.c.
/d/city/npc/wujiang.c line 67: Warning: query_skills() inherited from both /feature/skill.c and /feature/skill.c (via /inherit/char/npc.c); using the definition in /feature/skill.c.
/d/city/npc/wujiang.c line 67: Warning: query_learned() inherited from both /feature/skill.c and /feature/skill.c (via /inherit/char/npc.c); using the definition in /feature/skill.c.
/d/city/npc/wujiang.c line 67: Warning: set_skill() inherited from both /feature/skill.c and /feature/skill.c (via /inherit/char/npc.c); using the definition in /feature/skill.c.
/d/city/npc/wujiang.c line 67: Warning: prepare_skill() inherited from both /feature/skill.c and /feature/skill.c (via /inherit/char/npc.c); using the definition in /feature/skill.c.
/d/city/npc/wujiang.c line 67: Warning: delete_skill() inherited from both /feature/skill.c and /feature/skill.c (via /inherit/char/npc.c); using the definition in /feature/skill.c.
/d/city/npc/wujiang.c line 67: Warning: map_skill() inherited from both /feature/skill.c and /feature/skill.c (via /inherit/char/npc.c); using the definition in /feature/skill.c.
/d/city/npc/wujiang.c line 67: Warning: improve_skill() inherited from both /feature/skill.c and /feature/skill.c (via /inherit/char/npc.c); using the definition in /feature/skill.c.
/d/city/npc/wujiang.c line 67: Warning: query_skill_prepare() inherited from both /feature/skill.c and /feature/skill.c (via /inherit/char/npc.c); using the definition in /feature/skill.c.
/d/city/npc/wujiang.c line 67: Warning: query_skill_mapped() inherited from both /feature/skill.c and /feature/skill.c (via /inherit/char/npc.c); using the definition in /feature/skill.c.
/d/city/npc/wujiang.c line 67: Warning: query_skill() inherited from both /feature/skill.c and /feature/skill.c (via /inherit/char/npc.c); using the definition in /feature/skill.c.

执行时段错误：*call_other() couldn't find object '/clone/board/pigroom_b'.

程式：/d/city/duchang2.c 第 48 行
物件: /d/city/duchang2
呼叫来自：/inherit/char/char.c 的 heart_beat() 第 144 行，物件： /kungfu/class/emei/ji#412 ("纪晓芙")
呼叫来自：/kungfu/class/emei/ji.c 的 chat() 第 172 行，物件： /kungfu/class/emei/ji#412 ("纪晓芙")
呼叫来自：/inherit/char/npc.c 的 random_move() 第 149 行，物件： /kungfu/class/emei/ji#412 ("纪晓芙")
呼叫来自：/feature/command.c 的 command_hook() 第 57 行，物件： /kungfu/class/emei/ji#412 ("纪晓芙")
呼叫来自：/cmds/std/go.c 的 main() 第 90 行，物件： /cmds/std/go
呼叫来自：/d/city/duchang2.c 的 create() 第 48 行，物件： /d/city/duchang2
/d/taohua/guanchao.c line 202: Warning: Unused local variable 'where'
  }
   ^
/d/shaolin/damodong.c line 45: Warning: Unused local variable 'ob'
  }
   ^
/d/xueshan/luyeyuan.c line 75: Warning: Unused local variable 'i'
  }
int do_stand(
   ^
/d/xueshan/luyeyuan.c line 75: Warning: Unused local variable 'j'
  }
int do_stand(
   ^
/d/qilian/obj/lx-jing.c line 84: Warning: Unused local variable 'ob'
  }
   ^
/inherit/room/ferry.c line 53: Warning: Unused local variable 'dir'
  }
   ^
/d/city/npc/wujiang.c line 7: Warning: Redeclaration of global variable 'skills'.
  #include <a"/inherit/char/npc"/feature/skill.c";
                                                  ^
/d/city/npc/wujiang.c line 7: Warning: Redeclaration of global variable 'learned'.
  #include <a"/inherit/char/npc"/feature/skill.c";
                                                  ^
/d/city/npc/wujiang.c line 7: Warning: Redeclaration of global variable 'skill_map'.
  #include <a"/inherit/char/npc"/feature/skill.c";
                                                  ^
/d/city/npc/wujiang.c line 7: Warning: Redeclaration of global variable 'skill_prepare'.
  #include <a"/inherit/char/npc"/feature/skill.c";
                                                  ^
/d/city/npc/wujiang.c line 67: Warning: skill_death_penalty() inherited from both /feature/skill.c and /feature/skill.c (via /inherit/char/npc.c); using the definition in /feature/skill.c.
/d/city/npc/wujiang.c line 67: Warning: query_skill_map() inherited from both /feature/skill.c and /feature/skill.c (via /inherit/char/npc.c); using the definition in /feature/skill.c.
/d/city/npc/wujiang.c line 67: Warning: query_skill_prepared() inherited from both /feature/skill.c and /feature/skill.c (via /inherit/char/npc.c); using the definition in /feature/skill.c.
/d/city/npc/wujiang.c line 67: Warning: query_skills() inherited from both /feature/skill.c and /feature/skill.c (via /inherit/char/npc.c); using the definition in /feature/skill.c.
/d/city/npc/wujiang.c line 67: Warning: query_learned() inherited from both /feature/skill.c and /feature/skill.c (via /inherit/char/npc.c); using the definition in /feature/skill.c.
/d/city/npc/wujiang.c line 67: Warning: set_skill() inherited from both /feature/skill.c and /feature/skill.c (via /inherit/char/npc.c); using the definition in /feature/skill.c.
/d/city/npc/wujiang.c line 67: Warning: prepare_skill() inherited from both /feature/skill.c and /feature/skill.c (via /inherit/char/npc.c); using the definition in /feature/skill.c.
/d/city/npc/wujiang.c line 67: Warning: delete_skill() inherited from both /feature/skill.c and /feature/skill.c (via /inherit/char/npc.c); using the definition in /feature/skill.c.
/d/city/npc/wujiang.c line 67: Warning: map_skill() inherited from both /feature/skill.c and /feature/skill.c (via /inherit/char/npc.c); using the definition in /feature/skill.c.
/d/city/npc/wujiang.c line 67: Warning: improve_skill() inherited from both /feature/skill.c and /feature/skill.c (via /inherit/char/npc.c); using the definition in /feature/skill.c.
/d/city/npc/wujiang.c line 67: Warning: query_skill_prepare() inherited from both /feature/skill.c and /feature/skill.c (via /inherit/char/npc.c); using the definition in /feature/skill.c.
/d/city/npc/wujiang.c line 67: Warning: query_skill_mapped() inherited from both /feature/skill.c and /feature/skill.c (via /inherit/char/npc.c); using the definition in /feature/skill.c.
/d/city/npc/wujiang.c line 67: Warning: query_skill() inherited from both /feature/skill.c and /feature/skill.c (via /inherit/char/npc.c); using the definition in /feature/skill.c.
/d/shaolin/shanmen.c line 67: Warning: Unused local variable 'mygen'
  }
   ^
/kungfu/skill/force.c line 8: Warning: Number of arguments disagrees with previous definition.
  int valid_learn() { return 1;
                   ^
/kungfu/skill/hunyuan-yiqi.c line 59: Warning: Unused local variable 'i'
  }
   ^
/kungfu/skill/hunyuan-yiqi.c line 59: Warning: Unused local variable 'ts'
  }
   ^
/d/shaolin/guangchang1.c line 10: Warning: Number of arguments disagrees with previous definition.
  int valid_leave()
                   ^
/d/shaolin/guangchang1.c line 65: Warning: Previous function prototype for close_gate does not match current function in return type ( void vs int )
  int close_gate()
                  ^
/kungfu/class/shaolin/qing-fa.c line 168: Warning: Unused local variable 'fam'
  }
   ^
/inherit/misc/bboard.c line 71: Warning: Unused local variable 'i'
  }
   ^
/inherit/misc/bboard.c line 71: Warning: Unused local variable 'last_time_read'
  }
   ^
/inherit/misc/bboard.c line 71: Warning: Unused local variable 'myid'
  }
   ^
/inherit/misc/bboard.c line 93: Warning: Unused local variable 'myid'
  }
   ^
/kungfu/class/shaolin/qing.h line 161: Warning: Unused local variable 'name'
  }
   ^
/kungfu/class/shaolin/qing.h line 161: Warning: Unused local variable 'new_name'
  }
   ^
/d/shaolin/obj/shanhu-baicai.c line 21: Warning: short() inherited from both /feature/food.c and /feature/name.c (via /inherit/item/item.c); using the definition in /feature/food.c.
/d/shaolin/obj/mizhi-tianou.c line 21: Warning: short() inherited from both /feature/food.c and /feature/name.c (via /inherit/item/item.c); using the definition in /feature/food.c.
/cmds/std/get.c line 122: Warning: Unused local variable 'enemy'
  }
   ^
/cmds/std/ask.c line 134: Warning: Unused local variable 'inquiry'
  }
   ^
/kungfu/condition/tiaoshui.c line 23: Warning: Unused local variable 'obj'
  }
void let_know(object me
   ^
/kungfu/condition/tiaoshui.c line 23: Warning: Unused local variable 'inv'
  }
void let_know(object me
   ^
/kungfu/condition/tiaoshui.c line 23: Warning: Unused local variable 'i'
  }
void let_know(object me
   ^
/kungfu/condition/tiaoshui.c line 23: Warning: Unused local variable 'found'
  }
void let_know(object me
   ^
/d/shaolin/shanlu1.c line 51: Warning: Unused local variable 'current_dodge'
  }
   ^
/include/ansi.h line 13: Warning: redefinition of #define BLK

  #define RED ESC+"[31m"          /* Red      *
  ^
/include/ansi.h line 14: Warning: redefinition of #define RED

  #define GRN ESC+"[32m"          /* Green    *
  ^
/include/ansi.h line 15: Warning: redefinition of #define GRN

  #define YEL ESC+"[33m"          /* Yellow   *
  ^
/include/ansi.h line 16: Warning: redefinition of #define YEL

  #define BLU ESC+"[34m"          /* Blue     *
  ^
/include/ansi.h line 17: Warning: redefinition of #define BLU

  #define MAG ESC+"[35m"          /* Magenta  *
  ^
/include/ansi.h line 18: Warning: redefinition of #define MAG

  #define CYN ESC+"[36m"          /* Cyan     *
  ^
/include/ansi.h line 19: Warning: redefinition of #define CYN

  #define WHT ESC+"[37m"          /* White    *
  ^
/include/ansi.h line 20: Warning: redefinition of #define WHT

/include/ansi.h line 24: Warning: redefinition of #define HIR

  #define HIG ESC+"[1;32m"        /* Green    *
  ^
/include/ansi.h line 25: Warning: redefinition of #define HIG

  #define HIY ESC+"[1;33m"        /* Yellow   *
  ^
/include/ansi.h line 26: Warning: redefinition of #define HIY

  #define HIB ESC+"[1;34m"        /* Blue     *
  ^
/include/ansi.h line 27: Warning: redefinition of #define HIB

  #define HIM ESC+"[1;35m"        /* Magenta  *
  ^
/include/ansi.h line 28: Warning: redefinition of #define HIM

  #define HIC ESC+"[1;36m"        /* Cyan     *
  ^
/include/ansi.h line 29: Warning: redefinition of #define HIC

  #define HIW ESC+"[1;37m"        /* White    *
  ^
/include/ansi.h line 30: Warning: redefinition of #define HIW

  /* High Intensity Background Colors  *
  ^
/include/ansi.h line 34: Warning: redefinition of #define HBRED

  #define HBGRN ESC+"[42;1m"       /* Green    *
  ^
/include/ansi.h line 35: Warning: redefinition of #define HBGRN

  #define HBYEL ESC+"[43;1m"       /* Yellow   *
  ^
/include/ansi.h line 36: Warning: redefinition of #define HBYEL

  #define HBBLU ESC+"[44;1m"       /* Blue     *
  ^
/include/ansi.h line 37: Warning: redefinition of #define HBBLU

  #define HBMAG ESC+"[45;1m"       /* Magenta  *
  ^
/include/ansi.h line 38: Warning: redefinition of #define HBMAG

  #define HBCYN ESC+"[46;1m"       /* Cyan     *
  ^
/include/ansi.h line 39: Warning: redefinition of #define HBCYN

  #define HBWHT ESC+"[47;1m"       /* White    *
  ^
/include/ansi.h line 40: Warning: redefinition of #define HBWHT

/include/ansi.h line 44: Warning: redefinition of #define BBLK

  #define BRED ESC+"[41m"          /* Red      *
  ^
/include/ansi.h line 45: Warning: redefinition of #define BRED

  #define BGRN ESC+"[42m"          /* Green    *
  ^
/include/ansi.h line 46: Warning: redefinition of #define BGRN

  #define BYEL ESC+"[43m"          /* Yellow   *
  ^
/include/ansi.h line 47: Warning: redefinition of #define BYEL

  #define BBLU ESC+"[44m"          /* Blue     *
  ^
/include/ansi.h line 48: Warning: redefinition of #define BBLU

  #define BMAG ESC+"[45m"          /* Magenta  *
  ^
/include/ansi.h line 49: Warning: redefinition of #define BMAG

  #define BCYN ESC+"[46m"          /* Cyan     *
  ^
/include/ansi.h line 50: Warning: redefinition of #define BCYN

  // #define BWHT ESC+"[47m"          /* White    *
  ^
/include/ansi.h line 54: Warning: redefinition of #define NOR

/include/ansi.h line 60: Warning: redefinition of #define BOLD

  #define CLR ESC+"[2J"           /* Clear the screen  *
  ^
/include/ansi.h line 61: Warning: redefinition of #define CLR

  #define HOME ESC+"[H"           /* Send cursor to home position *
  ^
/include/ansi.h line 62: Warning: redefinition of #define HOME

  #define REF CLR+HOME            /* Clear screen and home cursor *
  ^
/include/ansi.h line 63: Warning: redefinition of #define REF

  #define BIGTOP ESC+"#3"         /* Dbl height characters, top half *
  ^
/include/ansi.h line 64: Warning: redefinition of #define BIGTOP

  #define BIGBOT ESC+"#4"         /* Dbl height characters, bottem half *
  ^
/include/ansi.h line 65: Warning: redefinition of #define BIGBOT

  #define SAVEC ESC+"[s"           /* Save cursor position *
  ^
/include/ansi.h line 66: Warning: redefinition of #define SAVEC

  #define REST ESC+"[u"            /* Restore cursor to saved position *
  ^
/include/ansi.h line 67: Warning: redefinition of #define REST

  //#define REVINDEX ESC+"M"        /* Scroll screen in opposite direction *
  ^
/include/ansi.h line 69: Warning: redefinition of #define SINGW

  #define DBL ESC+"#6"            /* Creates double-width characters *
  ^
/include/ansi.h line 70: Warning: redefinition of #define DBL

  #define FRTOP ESC+"[2;25r"      /* Freeze top line *
  ^
/include/ansi.h line 71: Warning: redefinition of #define FRTOP

  #define FRBOT ESC+"[1;24r"      /* Freeze bottom line *
  ^
/include/ansi.h line 72: Warning: redefinition of #define FRBOT

  #define UNFR ESC+"[r"           /* Unfreeze top and bottom lines *
  ^
/include/ansi.h line 73: Warning: redefinition of #define UNFR

  #define BLINK ESC+"[5m"         /* Initialize blink mode *
  ^
/include/ansi.h line 74: Warning: redefinition of #define BLINK

  #define U ESC+"[4m"             /* Initialize underscore mode *
  ^
/include/ansi.h line 75: Warning: redefinition of #define U

  #define REV ESC+"[7m"           /* Turns reverse video mode on *
  ^
/include/ansi.h line 76: Warning: redefinition of #define REV

  #define HIREV ESC+"[1,7m"       /* Hi intensity reverse video  *
  ^
/include/ansi.h line 77: Warning: redefinition of #define HIREV

/kungfu/condition/ts_pending.c line 23: Warning: Unused local variable 'obj'
  }
   ^
/kungfu/condition/ts_pending.c line 23: Warning: Unused local variable 'inv'
  }
   ^
/kungfu/condition/ts_pending.c line 23: Warning: Unused local variable 'i'
  }
   ^
/kungfu/condition/ts_pending.c line 23: Warning: Unused local variable 'found'
  }
   ^
/cmds/skill/learn.c line 151: Warning: Unused local variable 'master'
  }
   ^
/cmds/skill/yun.c line 42: Warning: Unused local variable 'result'
  }
   ^
/cmds/std/get.c line 122: Warning: Unused local variable 'enemy'
  }
   ^
/inherit/room/room.c line 7: Warning: Unknown #pragma, ignored.
  #include <dbase.h
  ^
/inherit/room/room.c line 257: Warning: Unused local variable 'item_desc'
  }
   ^
/inherit/char/npc.c line 185: Warning: Unused local variable 'weapon'
  }
   ^
/cmds/std/ask.c line 134: Warning: Unused local variable 'inquiry'
  }
   ^
/d/shaolin/guangchang1.c line 10: Warning: Number of arguments disagrees with previous definition.
  int valid_leave()
                   ^
/d/shaolin/guangchang1.c line 65: Warning: Previous function prototype for close_gate does not match current function in return type ( void vs int )
  int close_gate()
                  ^
/kungfu/class/shaolin/qing-fa.c line 168: Warning: Unused local variable 'fam'
  }
   ^
/inherit/misc/bboard.c line 71: Warning: Unused local variable 'i'
  }
   ^
/inherit/misc/bboard.c line 71: Warning: Unused local variable 'last_time_read'
  }
   ^
/inherit/misc/bboard.c line 71: Warning: Unused local variable 'myid'
  }
   ^
/inherit/misc/bboard.c line 93: Warning: Unused local variable 'myid'
  }
   ^
/d/shaolin/shanmen.c line 67: Warning: Unused local variable 'mygen'
  }
   ^
/inherit/room/ferry.c line 53: Warning: Unused local variable 'dir'
  }
   ^
/inherit/room/room.c line 7: Warning: Unknown #pragma, ignored.
  #include <dbase.h
  ^
/inherit/room/room.c line 7: Warning: Unknown #pragma, ignored.
  #include <dbase.h
  ^
/inherit/room/room.c line 257: Warning: Unused local variable 'item_desc'
  }
   ^
/inherit/char/npc.c line 185: Warning: Unused local variable 'weapon'
  }
   ^
/cmds/std/ask.c line 134: Warning: Unused local variable 'inquiry'
  }
   ^
/inherit/room/ferry.c line 53: Warning: Unused local variable 'dir'
  }
   ^
/cmds/std/get.c line 122: Warning: Unused local variable 'enemy'
  }
   ^
/cmds/usr/score.c line 145: Warning: Unused local variable 'str'
  }
   ^
/inherit/room/room.c line 7: Warning: Unknown #pragma, ignored.
  #include <dbase.h
  ^
/inherit/room/room.c line 257: Warning: Unused local variable 'item_desc'
  }
   ^
/inherit/char/npc.c line 185: Warning: Unused local variable 'weapon'
  }
   ^
/cmds/std/ask.c line 134: Warning: Unused local variable 'inquiry'
  }
   ^
/kungfu/condition/ts_pending.c line 23: Warning: Unused local variable 'obj'
  }
   ^
/kungfu/condition/ts_pending.c line 23: Warning: Unused local variable 'inv'
  }
   ^
/kungfu/condition/ts_pending.c line 23: Warning: Unused local variable 'i'
  }
   ^
/kungfu/condition/ts_pending.c line 23: Warning: Unused local variable 'found'
  }
   ^
/cmds/usr/inventory.c line 33: Warning: Unused local variable 'i'
  }
   ^
/inherit/room/room.c line 7: Warning: Unknown #pragma, ignored.
  #include <dbase.h
  ^
/inherit/room/room.c line 7: Warning: Unknown #pragma, ignored.
  #include <dbase.h
  ^
/inherit/room/room.c line 257: Warning: Unused local variable 'item_desc'
  }
   ^
/inherit/char/npc.c line 185: Warning: Unused local variable 'weapon'
  }
   ^
/cmds/std/ask.c line 134: Warning: Unused local variable 'inquiry'
  }
   ^
/d/city/npc/wujiang.c line 7: Warning: Redeclaration of global variable 'skills'.
  #include <a"/inherit/char/npc"/feature/skill.c";
                                                  ^
/d/city/npc/wujiang.c line 7: Warning: Redeclaration of global variable 'learned'.
  #include <a"/inherit/char/npc"/feature/skill.c";
                                                  ^
/d/city/npc/wujiang.c line 7: Warning: Redeclaration of global variable 'skill_map'.
  #include <a"/inherit/char/npc"/feature/skill.c";
                                                  ^
/d/city/npc/wujiang.c line 7: Warning: Redeclaration of global variable 'skill_prepare'.
  #include <a"/inherit/char/npc"/feature/skill.c";
                                                  ^
/d/city/npc/wujiang.c line 67: Warning: skill_death_penalty() inherited from both /feature/skill.c and /feature/skill.c (via /inherit/char/npc.c); using the definition in /feature/skill.c.
/d/city/npc/wujiang.c line 67: Warning: query_skill_map() inherited from both /feature/skill.c and /feature/skill.c (via /inherit/char/npc.c); using the definition in /feature/skill.c.
/d/city/npc/wujiang.c line 67: Warning: query_skill_prepared() inherited from both /feature/skill.c and /feature/skill.c (via /inherit/char/npc.c); using the definition in /feature/skill.c.
/d/city/npc/wujiang.c line 67: Warning: query_skills() inherited from both /feature/skill.c and /feature/skill.c (via /inherit/char/npc.c); using the definition in /feature/skill.c.
/d/city/npc/wujiang.c line 67: Warning: query_learned() inherited from both /feature/skill.c and /feature/skill.c (via /inherit/char/npc.c); using the definition in /feature/skill.c.
/d/city/npc/wujiang.c line 67: Warning: set_skill() inherited from both /feature/skill.c and /feature/skill.c (via /inherit/char/npc.c); using the definition in /feature/skill.c.
/d/city/npc/wujiang.c line 67: Warning: prepare_skill() inherited from both /feature/skill.c and /feature/skill.c (via /inherit/char/npc.c); using the definition in /feature/skill.c.
/d/city/npc/wujiang.c line 67: Warning: delete_skill() inherited from both /feature/skill.c and /feature/skill.c (via /inherit/char/npc.c); using the definition in /feature/skill.c.
/d/city/npc/wujiang.c line 67: Warning: map_skill() inherited from both /feature/skill.c and /feature/skill.c (via /inherit/char/npc.c); using the definition in /feature/skill.c.
/d/city/npc/wujiang.c line 67: Warning: improve_skill() inherited from both /feature/skill.c and /feature/skill.c (via /inherit/char/npc.c); using the definition in /feature/skill.c.
/d/city/npc/wujiang.c line 67: Warning: query_skill_prepare() inherited from both /feature/skill.c and /feature/skill.c (via /inherit/char/npc.c); using the definition in /feature/skill.c.
/d/city/npc/wujiang.c line 67: Warning: query_skill_mapped() inherited from both /feature/skill.c and /feature/skill.c (via /inherit/char/npc.c); using the definition in /feature/skill.c.
/d/city/npc/wujiang.c line 67: Warning: query_skill() inherited from both /feature/skill.c and /feature/skill.c (via /inherit/char/npc.c); using the definition in /feature/skill.c.
/inherit/room/ferry.c line 53: Warning: Unused local variable 'dir'
  }
   ^
/cmds/std/get.c line 122: Warning: Unused local variable 'enemy'
  }
   ^
